src/app/[locale]/test-fetch/page.tsx(23,22): error TS18046: 'err' is of type 'unknown'.
src/app/[locale]/test-fetch/page.tsx(45,13): error TS2322: Type 'unknown' is not assignable to type 'ReactNode'.
src/app/api/monitor/route.ts(118,9): error TS2578: Unused '@ts-expect-error' directive.
src/app/api/monitor/route.ts(124,13): error TS2578: Unused '@ts-expect-error' directive.
src/app/api/monitor/route.ts(135,43): error TS18046: 'error' is of type 'unknown'.
src/app/api/search/route.ts(42,48): error TS18046: 'error' is of type 'unknown'.
src/app/api/sentiment/overview/route.ts(34,43): error TS18046: 'error' is of type 'unknown'.
src/app/api/sentiment/risk/route.ts(31,43): error TS18046: 'error' is of type 'unknown'.
src/app/api/stripe/webhook/route.ts(115,29): error TS2322: Type 'string' is not assignable to type 'never'.
src/app/api/stripe/webhook/route.ts(116,29): error TS2322: Type 'string' is not assignable to type 'never'.
src/app/api/stripe/webhook/route.ts(117,29): error TS2322: Type 'string' is not assignable to type 'never'.
src/app/api/stripe/webhook/route.ts(118,29): error TS2322: Type 'string' is not assignable to type 'never'.
src/app/api/stripe/webhook/route.ts(119,29): error TS2322: Type 'string' is not assignable to type 'never'.
src/components/analyzers/VideoResults.tsx(563,54): error TS2345: Argument of type '(sig: { id?: string; label?: string; risk?: string; detectedValue?: string; }) => JSX.Element' is not assignable to parameter of type '(value: { id: string; label: string; description: string; detectedValue: string | number; threshold: string | number; risk: "none" | "concern" | "flag"; }, index: number, array: { id: string; ... 4 more ...; risk: "none" | ... 1 more ... | "flag"; }[]) => Element'.
  Types of parameters 'sig' and 'value' are incompatible.
    Type '{ id: string; label: string; description: string; detectedValue: string | number; threshold: string | number; risk: "none" | "concern" | "flag"; }' is not assignable to type '{ id?: string | undefined; label?: string | undefined; risk?: string | undefined; detectedValue?: string | undefined; }'.
      Types of property 'detectedValue' are incompatible.
        Type 'string | number' is not assignable to type 'string | undefined'.
          Type 'number' is not assignable to type 'string'.
src/components/ChatbaseWidget.tsx(29,37): error TS18046: 'window.chatbase' is of type 'unknown'.
src/components/ChatbotTrigger.tsx(40,13): error TS18046: 'window.chatbase' is of type 'unknown'.
src/components/ChatbotTrigger.tsx(42,13): error TS18046: 'window.chatbase' is of type 'unknown'.
src/components/CommandMenu.tsx(169,75): error TS2322: Type 'string' is not assignable to type 'never'.
src/components/CommandMenu.tsx(190,69): error TS2322: Type 'string' is not assignable to type 'never'.
src/components/KYCVerification.tsx(61,44): error TS2322: Type 'string' is not assignable to type 'never'.
src/components/media-pulse/AiInspectorTab.tsx(66,37): error TS2339: Property 'score' does not exist on type 'TextAnalysisResult | ImageAnalysisReport | VideoAnalysisResult'.
  Property 'score' does not exist on type 'ImageAnalysisReport'.
src/components/media-pulse/AiInspectorTab.tsx(66,57): error TS2339: Property 'confidenceScore' does not exist on type 'TextAnalysisResult | ImageAnalysisReport | VideoAnalysisResult'.
  Property 'confidenceScore' does not exist on type 'TextAnalysisResult'.
src/components/media-pulse/AiInspectorTab.tsx(401,19): error TS2322: Type 'TextAnalysisResult | ImageAnalysisReport | VideoAnalysisResult | null' is not assignable to type 'Record<string, unknown>'.
  Type 'null' is not assignable to type 'Record<string, unknown>'.
src/components/media-pulse/DarkWebTab.tsx(458,21): error TS2322: Type 'unknown' is not assignable to type 'Key | null | undefined'.
src/components/media-pulse/DarkWebTab.tsx(476,87): error TS2322: Type 'unknown' is not assignable to type 'ReactNode'.
src/components/media-pulse/DarkWebTab.tsx(477,27): error TS2322: Type 'unknown' is not assignable to type 'ReactNode'.
src/components/media-pulse/DarkWebTab.tsx(477,53): error TS2339: Property 'length' does not exist on type '{}'.
src/components/media-pulse/DarkWebTab.tsx(479,43): error TS2339: Property 'map' does not exist on type '{}'.
src/components/media-pulse/DarkWebTab.tsx(479,48): error TS7006: Parameter 'tag' implicitly has an 'any' type.
src/components/media-pulse/DarkWebTab.tsx(479,53): error TS7006: Parameter 'idx' implicitly has an 'any' type.
src/components/media-pulse/DarkWebTab.tsx(491,25): error TS2322: Type 'unknown' is not assignable to type 'string | undefined'.
src/components/media-pulse/DarkWebTab.tsx(497,66): error TS2322: Type 'unknown' is not assignable to type 'ReactNode'.
src/components/media-pulse/DarkWebTab.tsx(508,44): error TS2345: Argument of type 'string | undefined' is not assignable to parameter of type 'string'.
  Type 'undefined' is not assignable to type 'string'.
src/components/media-pulse/DarkWebTab.tsx(515,53): error TS2322: Type 'unknown' is not assignable to type 'Id<"darkweb_results">'.
  Type 'unknown' is not assignable to type 'string'.
src/components/media-pulse/DeepStatusPanel.tsx(90,25): error TS2339: Property 'message' does not exist on type '{}'.
src/components/media-pulse/DeepStatusPanel.tsx(275,38): error TS2339: Property 'itemCount' does not exist on type '{ _id: string; _creationTime: number; status: string; source?: string | undefined; articlesCount?: number | undefined; executionTimeMs?: number | undefined; }'.
src/components/media-pulse/DeepStatusPanel.tsx(277,34): error TS2339: Property 'error' does not exist on type '{ _id: string; _creationTime: number; status: string; source?: string | undefined; articlesCount?: number | undefined; executionTimeMs?: number | undefined; }'.
src/components/media-pulse/DeepStatusPanel.tsx(279,42): error TS2339: Property 'error' does not exist on type '{ _id: string; _creationTime: number; status: string; source?: string | undefined; articlesCount?: number | undefined; executionTimeMs?: number | undefined; }'.
src/components/media-pulse/OsintTab.tsx(231,46): error TS2339: Property 'totalFound' does not exist on type '{}'.
src/components/media-pulse/OsintTab.tsx(231,92): error TS2339: Property 'totalChecked' does not exist on type '{}'.
src/components/media-pulse/OsintTab.tsx(232,42): error TS2339: Property 'totalFound' does not exist on type '{}'.
src/components/media-pulse/OsintTab.tsx(234,70): error TS2322: Type '{}' is not assignable to type 'string | boolean'.
src/components/media-pulse/OsintTab.tsx(240,67): error TS2322: Type '{}' is not assignable to type 'string | boolean'.
src/components/media-pulse/OsintTab.tsx(241,69): error TS2322: Type '{}' is not assignable to type 'string | boolean'.
src/components/media-pulse/OsintTab.tsx(242,72): error TS2322: Type '{}' is not assignable to type 'string | boolean'.
src/components/media-pulse/OsintTab.tsx(247,70): error TS2322: Type '{}' is not assignable to type 'string | boolean'.
src/components/media-pulse/OsintTab.tsx(248,66): error TS2322: Type '{}' is not assignable to type 'string | boolean'.
src/components/media-pulse/OsintTab.tsx(249,66): error TS2322: Type '{}' is not assignable to type 'string | boolean'.
src/components/media-pulse/OsintTab.tsx(254,65): error TS2322: Type '{}' is not assignable to type 'string | boolean'.
src/components/media-pulse/OsintTab.tsx(255,69): error TS2322: Type '{}' is not assignable to type 'string | boolean'.
src/components/media-pulse/OsintTab.tsx(256,67): error TS2322: Type '{}' is not assignable to type 'string | boolean'.
src/components/media-pulse/OsintTab.tsx(261,68): error TS2322: Type '{}' is not assignable to type 'string | boolean'.
src/components/media-pulse/OsintTab.tsx(263,73): error TS2322: Type '{}' is not assignable to type 'string | boolean'.
src/components/media-pulse/OsintTab.tsx(269,105): error TS2339: Property 'length' does not exist on type '{}'.
src/components/media-pulse/OsintTab.tsx(269,150): error TS2339: Property 'length' does not exist on type '{}'.
src/components/media-pulse/OsintTab.tsx(275,105): error TS2339: Property 'length' does not exist on type '{}'.
src/components/media-pulse/OsintTab.tsx(275,150): error TS2339: Property 'length' does not exist on type '{}'.
src/components/media-pulse/OsintTab.tsx(287,95): error TS2339: Property 'length' does not exist on type '{}'.
src/components/media-pulse/OsintTab.tsx(287,138): error TS2339: Property 'length' does not exist on type '{}'.
src/components/media-pulse/OsintTab.tsx(294,83): error TS2322: Type '{}' is not assignable to type 'string | boolean'.
src/components/media-pulse/OsintTab.tsx(294,130): error TS2571: Object is of type 'unknown'.
src/components/media-pulse/OsintTab.tsx(305,35): error TS2740: Type '{}' is missing the following properties from type 'SocialPresenceData': platforms, foundOn, notFoundOn, unknownOn, and 2 more.
src/components/media-pulse/OsintTab.tsx(309,24): error TS2322: Type '{}' is not assignable to type 'ReactNode'.
src/components/media-pulse/OsintTab.tsx(314,69): error TS2322: Type '{}' is not assignable to type 'string | boolean'.
src/components/media-pulse/OsintTab.tsx(315,67): error TS2322: Type '{}' is not assignable to type 'string | boolean'.
src/components/media-pulse/OsintTab.tsx(316,74): error TS2322: Type '{}' is not assignable to type 'string | boolean'.
src/components/media-pulse/OsintTab.tsx(317,70): error TS2322: Type '{}' is not assignable to type 'string | boolean'.
src/components/media-pulse/OsintTab.tsx(318,15): error TS2322: Type 'unknown' is not assignable to type 'ReactNode'.
src/components/media-pulse/OsintTab.tsx(319,119): error TS2571: Object is of type 'unknown'.
src/components/media-pulse/OsintTab.tsx(321,15): error TS2322: Type 'unknown' is not assignable to type 'ReactNode'.
src/components/media-pulse/OsintTab.tsx(322,55): error TS2322: Type '{}' is not assignable to type 'string | boolean'.
src/components/media-pulse/OsintTab.tsx(331,65): error TS2322: Type '{}' is not assignable to type 'string | boolean'.
src/components/media-pulse/OsintTab.tsx(332,67): error TS2322: Type '{}' is not assignable to type 'string | boolean'.
src/components/media-pulse/OsintTab.tsx(333,67): error TS2322: Type '{}' is not assignable to type 'string | boolean'.
src/components/media-pulse/OsintTab.tsx(334,69): error TS2322: Type '{}' is not assignable to type 'string | boolean'.
src/components/media-pulse/OsintTab.tsx(337,64): error TS2322: Type '{}' is not assignable to type 'string | boolean'.
src/components/media-pulse/OsintTab.tsx(338,64): error TS2322: Type '{}' is not assignable to type 'string | boolean'.
src/components/media-pulse/OsintTab.tsx(339,73): error TS2322: Type '{}' is not assignable to type 'string | boolean'.
src/components/media-pulse/OsintTab.tsx(340,65): error TS2322: Type '{}' is not assignable to type 'string | boolean'.
src/components/media-pulse/OsintTab.tsx(348,70): error TS2322: Type '{}' is not assignable to type 'string | boolean'.
src/components/media-pulse/OsintTab.tsx(349,68): error TS2322: Type '{}' is not assignable to type 'string | boolean'.
src/components/media-pulse/OsintTab.tsx(350,67): error TS2322: Type '{}' is not assignable to type 'string | boolean'.
src/components/media-pulse/OsintTab.tsx(351,68): error TS2322: Type '{}' is not assignable to type 'string | boolean'.
src/components/media-pulse/OsintTab.tsx(354,122): error TS2571: Object is of type 'unknown'.
src/components/media-pulse/OsintTab.tsx(355,69): error TS2322: Type '{}' is not assignable to type 'string | boolean'.
src/components/media-pulse/OsintTab.tsx(362,71): error TS2322: Type '{}' is not assignable to type 'string | boolean'.
src/components/media-pulse/OsintTab.tsx(363,79): error TS2322: Type '{}' is not assignable to type 'string | boolean'.
src/components/media-pulse/OsintTab.tsx(364,73): error TS2322: Type '{}' is not assignable to type 'string | boolean'.
src/components/media-pulse/OsintTab.tsx(365,67): error TS2322: Type '{}' is not assignable to type 'string | boolean'.
src/components/media-pulse/OsintTab.tsx(378,13): error TS2322: Type 'unknown' is not assignable to type 'ReactNode'.
src/components/media-pulse/OsintTab.tsx(383,21): error TS2322: Type 'unknown' is not assignable to type 'string | undefined'.
src/components/media-pulse/OsintTab.tsx(388,84): error TS2322: Type 'unknown' is not assignable to type 'ReactNode'.
src/components/media-pulse/OsintTab.tsx(390,92): error TS2322: Type 'unknown' is not assignable to type 'ReactNode'.
src/components/media-pulse/OsintTab.tsx(391,88): error TS2322: Type 'unknown' is not assignable to type 'ReactNode'.
src/components/media-pulse/OsintTab.tsx(406,19): error TS2322: Type 'unknown' is not assignable to type 'string | undefined'.
src/components/media-pulse/OsintTab.tsx(411,69): error TS2322: Type 'unknown' is not assignable to type 'ReactNode'.
src/components/media-pulse/OsintTab.tsx(413,55): error TS2322: Type '{}' is not assignable to type 'string | boolean'.
src/components/media-pulse/OsintTab.tsx(414,49): error TS2322: Type '{}' is not assignable to type 'string | boolean'.
src/components/media-pulse/OsintTab.tsx(415,57): error TS2322: Type '{}' is not assignable to type 'string | boolean'.
src/components/media-pulse/OsintTab.tsx(429,19): error TS2322: Type 'unknown' is not assignable to type 'string | undefined'.
src/components/media-pulse/OsintTab.tsx(434,69): error TS2322: Type 'unknown' is not assignable to type 'ReactNode'.
src/components/media-pulse/OsintTab.tsx(436,47): error TS2322: Type '{}' is not assignable to type 'string | boolean'.
src/components/media-pulse/OsintTab.tsx(437,47): error TS2322: Type '{}' is not assignable to type 'string | boolean'.
src/components/media-pulse/OsintTab.tsx(438,50): error TS2322: Type '{}' is not assignable to type 'string | boolean'.
src/components/media-pulse/OsintTab.tsx(446,9): error TS2322: Type 'unknown' is not assignable to type 'ReactNode'.
src/components/media-pulse/OsintTab.tsx(450,17): error TS2322: Type 'unknown' is not assignable to type 'string | undefined'.
src/components/media-pulse/OsintTab.tsx(455,67): error TS2322: Type 'unknown' is not assignable to type 'ReactNode'.
src/components/media-pulse/OsintTab.tsx(456,80): error TS2322: Type 'unknown' is not assignable to type 'ReactNode'.
src/components/media-pulse/OsintTab.tsx(470,69): error TS2322: Type 'unknown' is not assignable to type 'ReactNode'.
src/components/media-pulse/OsintTab.tsx(472,71): error TS2322: Type '{}' is not assignable to type 'string | boolean'.
src/components/media-pulse/OsintTab.tsx(473,74): error TS2322: Type '{}' is not assignable to type 'string | boolean'.
src/components/media-pulse/OsintTab.tsx(474,80): error TS2322: Type '{}' is not assignable to type 'string | boolean'.
src/components/media-pulse/OsintTab.tsx(491,96): error TS2322: Type 'unknown' is not assignable to type 'ReactNode'.
src/components/media-pulse/OsintTab.tsx(493,82): error TS18046: 'm.matchScore' is of type 'unknown'.
src/components/media-pulse/OsintTab.tsx(497,74): error TS2322: Type '{}' is not assignable to type 'string | boolean'.
src/components/media-pulse/OsintTab.tsx(498,95): error TS2339: Property 'join' does not exist on type '{}'.
src/components/media-pulse/OsintTab.tsx(499,91): error TS2339: Property 'join' does not exist on type '{}'.
src/components/media-pulse/OsintTab.tsx(503,39): error TS2339: Property 'length' does not exist on type '{}'.
src/components/media-pulse/TerroristListTab.tsx(83,13): error TS2353: Object literal may only specify known properties, and 'dob' does not exist in type '{ name_arabic?: string | undefined; name_latin?: string | undefined; nationality?: string | undefined; doc_number?: string | undefined; category?: string | undefined; reasons?: string | undefined; }'.
src/components/media-pulse/TerroristListTab.tsx(201,30): error TS2322: Type 'Partial<TerroristListItem>[]' is not assignable to type '{ nationality?: string | undefined; dob?: string | undefined; pob?: string | undefined; address?: string | undefined; documentNumber?: string | undefined; issuingAuthority?: string | undefined; ... 7 more ...; nameLatin: string; }[]'.
  Property 'type' is missing in type 'Partial<TerroristListItem>' but required in type '{ nationality?: string | undefined; dob?: string | undefined; pob?: string | undefined; address?: string | undefined; documentNumber?: string | undefined; issuingAuthority?: string | undefined; ... 7 more ...; nameLatin: string; }'.
src/components/media-pulse/TerroristListTab.tsx(364,21): error TS2322: Type 'unknown' is not assignable to type 'Key | null | undefined'.
src/components/media-pulse/TerroristListTab.tsx(400,23): error TS2322: Type '{}' is not assignable to type 'ReactNode'.
src/components/media-pulse/TerroristListTab.tsx(403,23): error TS2322: Type '{}' is not assignable to type 'ReactNode'.
src/components/media-pulse/TerroristListTab.tsx(406,23): error TS2322: Type '{}' is not assignable to type 'ReactNode'.
src/components/media-pulse/TerroristListTab.tsx(409,23): error TS2322: Type '{}' is not assignable to type 'ReactNode'.
src/components/media-pulse/TerroristListTab.tsx(412,23): error TS2322: Type '{}' is not assignable to type 'ReactNode'.
src/components/media-pulse/TerroristListTab.tsx(415,23): error TS2322: Type '{}' is not assignable to type 'ReactNode'.
src/components/media-pulse/TerroristListTab.tsx(421,23): error TS2322: Type '{}' is not assignable to type 'ReactNode'.
src/components/Navbar.tsx(126,64): error TS2322: Type 'string' is not assignable to type 'never'.
src/components/Navbar.tsx(152,56): error TS2322: Type 'string' is not assignable to type 'never'.
src/components/Navbar.tsx(268,88): error TS2322: Type 'string' is not assignable to type 'never'.
src/components/Navbar.tsx(346,96): error TS2322: Type 'string' is not assignable to type 'never'.
src/components/Navbar.tsx(359,78): error TS2322: Type 'string' is not assignable to type 'never'.
src/components/NotificationBell.tsx(42,28): error TS2322: Type 'string' is not assignable to type 'Id<"notifications">'.
  Type 'string' is not assignable to type '{ __tableName: "notifications"; }'.
src/components/ReportLibrary.tsx(37,24): error TS2339: Property 'toLowerCase' does not exist on type '{}'.
src/components/ReportLibrary.tsx(94,55): error TS2769: No overload matches this call.
  Overload 1 of 4, '(value: string | number | Date): Date', gave the following error.
    Argument of type 'unknown' is not assignable to parameter of type 'string | number | Date'.
  Overload 2 of 4, '(value: string | number): Date', gave the following error.
    Argument of type 'unknown' is not assignable to parameter of type 'string | number'.
src/lib/engines/mlHelper.ts(64,52): error TS2345: Argument of type 'string | undefined' is not assignable to parameter of type 'string'.
  Type 'undefined' is not assignable to type 'string'.
src/lib/engines/mlHelper.ts(65,42): error TS2345: Argument of type 'string | undefined' is not assignable to parameter of type 'string'.
  Type 'undefined' is not assignable to type 'string'.
src/lib/engines/mlHelper.ts(66,14): error TS2339: Property 'confidence' does not exist on type '{ text?: string | undefined; }'.
src/lib/engines/mlHelper.ts(88,34): error TS2339: Property 'estimateFaces' does not exist on type '{}'.
src/lib/engines/mlHelper.ts(89,34): error TS2339: Property 'estimateHands' does not exist on type '{}'.
src/lib/report-exporter.ts(93,5): error TS2322: Type 'unknown[]' is not assignable to type 'RowInput[]'.
  Type 'unknown' is not assignable to type 'RowInput'.
